warning: unused import: `Size4KiB`
  --> kernel/src/drivers/ahci.rs:13:42
   |
13 |     structures::paging::{FrameAllocator, Size4KiB},
   |                                          ^^^^^^^^
   |
   = note: `#[warn(unused_imports)]` (part of `#[warn(unused)]`) on by default

warning: unnecessary `unsafe` block
   --> kernel/src/arch/x86_64/apic.rs:434:20
    |
434 |     let features = unsafe { __cpuid(1) };
    |                    ^^^^^^ unnecessary `unsafe` block
    |
    = note: `#[warn(unused_unsafe)]` (part of `#[warn(unused)]`) on by default

warning: field `calibration_hpet_ticks` is never read
   --> kernel/src/arch/x86_64/apic.rs:117:9
    |
113 | pub struct LocalTimerInfo {
    |            -------------- field in this struct
...
117 |     pub calibration_hpet_ticks: u64,
    |         ^^^^^^^^^^^^^^^^^^^^^^
    |
    = note: `LocalTimerInfo` has derived impls for the traits `Clone` and `Debug`, but these are intentionally ignored during dead code analysis
    = note: `#[warn(dead_code)]` (part of `#[warn(unused)]`) on by default

warning: fields `comparator_count`, `legacy_irq_capable`, and `vendor_id` are never read
  --> kernel/src/arch/x86_64/hpet.rs:52:9
   |
48 | pub struct TimerInfo {
   |            --------- fields in this struct
...
52 |     pub comparator_count: u8,
   |         ^^^^^^^^^^^^^^^^
53 |     pub legacy_irq_capable: bool,
   |         ^^^^^^^^^^^^^^^^^^
54 |     pub vendor_id: u16,
   |         ^^^^^^^^^
   |
   = note: `TimerInfo` has derived impls for the traits `Clone` and `Debug`, but these are intentionally ignored during dead code analysis

warning: field `pci_command` is never read
   --> kernel/src/drivers/ahci.rs:188:9
    |
184 | pub struct DiskInfo {
    |            -------- field in this struct
...
188 |     pub pci_command: u16,
    |         ^^^^^^^^^^^
    |
    = note: `DiskInfo` has derived impls for the traits `Clone` and `Debug`, but these are intentionally ignored during dead code analysis

warning: field `hba` is never read
   --> kernel/src/drivers/ahci.rs:504:5
    |
503 | struct Controller {
    |        ---------- field in this struct
504 |     hba: MmioRegion,
    |     ^^^

warning: function `write_char` is never used
  --> kernel/src/drivers/console.rs:85:8
   |
85 | pub fn write_char(character: char) {
   |        ^^^^^^^^^^

warning: function `stats` is never used
  --> kernel/src/drivers/console.rs:97:8
   |
97 | pub fn stats() -> Option<Stats> {
   |        ^^^^^

warning: fields `command` and `status` are never read
   --> kernel/src/drivers/pci.rs:119:9
    |
115 | pub struct Function {
    |            -------- fields in this struct
...
119 |     pub command: u16,
    |         ^^^^^^^
120 |     pub status: u16,
    |         ^^^^^^
    |
    = note: `Function` has derived impls for the traits `Clone` and `Debug`, but these are intentionally ignored during dead code analysis

warning: multiple fields are never read
  --> kernel/src/process/pipe.rs:52:9
   |
47 | pub struct PipeSnapshot {
   |            ------------ fields in this struct
...
52 |     pub reader_retains: u64,
   |         ^^^^^^^^^^^^^^
53 |     pub writer_retains: u64,
   |         ^^^^^^^^^^^^^^
54 |     pub read_calls: u64,
   |         ^^^^^^^^^^
55 |     pub write_calls: u64,
   |         ^^^^^^^^^^^
...
58 |     pub blocked_reads: u64,
   |         ^^^^^^^^^^^^^
59 |     pub blocked_writes: u64,
   |         ^^^^^^^^^^^^^^
60 |     pub reader_wakeups: u64,
   |         ^^^^^^^^^^^^^^
61 |     pub writer_wakeups: u64,
   |         ^^^^^^^^^^^^^^
   |
   = note: `PipeSnapshot` has derived impls for the traits `Clone` and `Debug`, but these are intentionally ignored during dead code analysis

warning: method `reap` is never used
    --> kernel/src/process/userspace.rs:1688:12
     |
1313 | impl Runtime {
     | ------------ method in this implementation
...
1688 |     pub fn reap(&mut self) -> Result<usize, Error> {
     |            ^^^^

warning: function `wait_for` is never used
    --> kernel/src/process/userspace.rs:1870:8
     |
1870 | pub fn wait_for(
     |        ^^^^^^^^

warning: function `last_result` is never used
    --> kernel/src/process/userspace.rs:1957:8
     |
1957 | pub fn last_result() -> Option<ProcessResult> {
     |        ^^^^^^^^^^^

warning: field `task_id` is never read
   --> kernel/src/scheduler.rs:152:9
    |
150 | pub struct ReapedProcessTask {
    |            ----------------- field in this struct
151 |     pub process_id: u64,
152 |     pub task_id: u64,
    |         ^^^^^^^
    |
    = note: `ReapedProcessTask` has derived impls for the traits `Clone` and `Debug`, but these are intentionally ignored during dead code analysis

warning: multiple fields are never read
   --> kernel/src/scheduler.rs:159:9
    |
158 | pub struct TaskSnapshot {
    |            ------------ fields in this struct
159 |     pub id: u64,
    |         ^^
160 |     pub name: &'static str,
    |         ^^^^
161 |     pub kind: TaskKind,
    |         ^^^^
162 |     pub state: TaskState,
    |         ^^^^^
163 |     pub process_id: Option<u64>,
    |         ^^^^^^^^^^
164 |     pub stack_bytes: usize,
    |         ^^^^^^^^^^^
165 |     pub page_table_address: u64,
    |         ^^^^^^^^^^^^^^^^^^
166 |     pub scheduled_count: u64,
    |         ^^^^^^^^^^^^^^^
167 |     pub runtime_ticks: u64,
    |         ^^^^^^^^^^^^^
    |
    = note: `TaskSnapshot` has derived impls for the traits `Clone` and `Debug`, but these are intentionally ignored during dead code analysis

warning: multiple fields are never read
   --> kernel/src/scheduler.rs:186:9
    |
185 | pub struct Snapshot {
    |            -------- fields in this struct
186 |     pub running: bool,
    |         ^^^^^^^
187 |     pub task_count: usize,
188 |     pub runnable_task_count: usize,
    |         ^^^^^^^^^^^^^^^^^^^
...
192 |     pub current_task_id: u64,
    |         ^^^^^^^^^^^^^^^
193 |     pub current_task_name: &'static str,
    |         ^^^^^^^^^^^^^^^^^
194 |     pub current_task_kind: TaskKind,
195 |     pub current_process_id: Option<u64>,
    |         ^^^^^^^^^^^^^^^^^^
...
199 |     pub voluntary_switches: u64,
    |         ^^^^^^^^^^^^^^^^^^
...
203 |     pub truncated: bool,
    |         ^^^^^^^^^
204 |     tasks: [TaskSnapshot; MAX_SNAPSHOT_TASKS],
    |     ^^^^^
205 |     recorded_task_count: usize,
    |     ^^^^^^^^^^^^^^^^^^^
    |
    = note: `Snapshot` has derived impls for the traits `Clone` and `Debug`, but these are intentionally ignored during dead code analysis

warning: method `tasks` is never used
   --> kernel/src/scheduler.rs:209:12
    |
208 | impl Snapshot {
    | ------------- method in this implementation
209 |     pub fn tasks(&self) -> &[TaskSnapshot] {
    |            ^^^^^

warning: field `stack` is never read
   --> kernel/src/scheduler.rs:245:5
    |
238 | struct Task {
    |        ---- field in this struct
...
245 |     stack: Option<Box<[u128]>>,
    |     ^^^^^

warning: method `current_task_kind` is never used
   --> kernel/src/scheduler.rs:633:8
    |
401 | impl Scheduler {
    | -------------- method in this implementation
...
633 |     fn current_task_kind(&self) -> TaskKind {
    |        ^^^^^^^^^^^^^^^^^

warning: function `current_task_kind` is never used
   --> kernel/src/scheduler.rs:785:8
    |
785 | pub fn current_task_kind() -> TaskKind {
    |        ^^^^^^^^^^^^^^^^^

warning: fields `usable_frames`, `allocated_frames`, and `remaining_frames` are never read
  --> kernel/src/shell.rs:36:5
   |
35 | pub struct SystemInfo {
   |            ---------- fields in this struct
36 |     usable_frames: u64,
   |     ^^^^^^^^^^^^^
37 |     allocated_frames: u64,
   |     ^^^^^^^^^^^^^^^^
38 |     remaining_frames: u64,
   |     ^^^^^^^^^^^^^^^^
   |
   = note: `SystemInfo` has a derived impl for the trait `Debug`, but this is intentionally ignored during dead code analysis

warning: fields `partition_block_count` and `reserved_sectors` are never read
   --> kernel/src/storage/fat.rs:129:9
    |
126 | pub struct VolumeInfo {
    |            ---------- fields in this struct
...
129 |     pub partition_block_count: u64,
    |         ^^^^^^^^^^^^^^^^^^^^^
...
136 |     pub reserved_sectors: u32,
    |         ^^^^^^^^^^^^^^^^
    |
    = note: `VolumeInfo` has derived impls for the traits `Clone` and `Debug`, but these are intentionally ignored during dead code analysis

warning: fields `total_size` and `truncated` are never read
   --> kernel/src/storage/fat.rs:174:9
    |
172 | pub struct FileData {
    |            -------- fields in this struct
173 |     pub bytes: Vec<u8>,
174 |     pub total_size: u32,
    |         ^^^^^^^^^^
175 |     pub truncated: bool,
    |         ^^^^^^^^^
    |
    = note: `FileData` has derived impls for the traits `Clone` and `Debug`, but these are intentionally ignored during dead code analysis

warning: field `attributes` is never read
   --> kernel/src/storage/partition.rs:216:9
    |
207 | pub struct Partition {
    |            --------- field in this struct
...
216 |     pub attributes: u64,
    |         ^^^^^^^^^^
    |
    = note: `Partition` has derived impls for the traits `Clone` and `Debug`, but these are intentionally ignored during dead code analysis

warning: fields `read_only`, `hidden`, and `system` are never read
  --> kernel/src/vfs/mod.rs:62:9
   |
58 | pub struct Metadata {
   |            -------- fields in this struct
...
62 |     pub read_only: bool,
   |         ^^^^^^^^^
63 |     pub hidden: bool,
   |         ^^^^^^
64 |     pub system: bool,
   |         ^^^^^^
   |
   = note: `Metadata` has derived impls for the traits `Clone` and `Debug`, but these are intentionally ignored during dead code analysis

warning: direct cast of function item into an integer
    --> kernel/src/process/userspace.rs:1126:42
     |
1126 |         galactic_syscall_interrupt_entry as usize as u64,
     |                                          ^^^^^^^^
     |
     = note: `#[warn(function_casts_as_integer)]` on by default
help: first cast to a pointer `as *const ()`
     |
1126 |         galactic_syscall_interrupt_entry as *const () as usize as u64,
     |                                          ++++++++++++

warning: direct cast of function item into an integer
    --> kernel/src/process/userspace.rs:1127:45
     |
1127 |         galactic_page_fault_interrupt_entry as usize as u64,
     |                                             ^^^^^^^^
     |
help: first cast to a pointer `as *const ()`
     |
1127 |         galactic_page_fault_interrupt_entry as *const () as usize as u64,
     |                                             ++++++++++++

warning: direct cast of function item into an integer
    --> kernel/src/process/userspace.rs:1128:53
     |
1128 |         galactic_general_protection_interrupt_entry as usize as u64,
     |                                                     ^^^^^^^^
     |
help: first cast to a pointer `as *const ()`
     |
1128 |         galactic_general_protection_interrupt_entry as *const () as usize as u64,
     |                                                     ++++++++++++

warning: direct cast of function item into an integer
    --> kernel/src/process/userspace.rs:1962:52
     |
1962 |     VirtAddr::new(galactic_syscall_interrupt_entry as usize as u64)
     |                                                    ^^^^^^^^
     |
help: first cast to a pointer `as *const ()`
     |
1962 |     VirtAddr::new(galactic_syscall_interrupt_entry as *const () as usize as u64)
     |                                                    ++++++++++++

warning: direct cast of function item into an integer
    --> kernel/src/process/userspace.rs:1966:55
     |
1966 |     VirtAddr::new(galactic_page_fault_interrupt_entry as usize as u64)
     |                                                       ^^^^^^^^
     |
help: first cast to a pointer `as *const ()`
     |
1966 |     VirtAddr::new(galactic_page_fault_interrupt_entry as *const () as usize as u64)
     |                                                       ++++++++++++

warning: direct cast of function item into an integer
    --> kernel/src/process/userspace.rs:1970:63
     |
1970 |     VirtAddr::new(galactic_general_protection_interrupt_entry as usize as u64)
     |                                                               ^^^^^^^^
     |
help: first cast to a pointer `as *const ()`
     |
1970 |     VirtAddr::new(galactic_general_protection_interrupt_entry as *const () as usize as u64)
     |                                                               ++++++++++++

warning: direct cast of function item into an integer
   --> kernel/src/scheduler.rs:844:50
    |
844 |     VirtAddr::new(galactic_timer_interrupt_entry as usize as u64)
    |                                                  ^^^^^^^^
    |
help: first cast to a pointer `as *const ()`
    |
844 |     VirtAddr::new(galactic_timer_interrupt_entry as *const () as usize as u64)
    |                                                  ++++++++++++

warning: direct cast of function item into an integer
   --> kernel/src/scheduler.rs:848:52
    |
848 |     VirtAddr::new(galactic_thread_entry_trampoline as usize as u64)
    |                                                    ^^^^^^^^
    |
help: first cast to a pointer `as *const ()`
    |
848 |     VirtAddr::new(galactic_thread_entry_trampoline as *const () as usize as u64)
    |                                                    ++++++++++++

INFO : Framebuffer info: FrameBufferInfo { byte_len: 2764800, width: 1280, height: 720, pixel_format: Bgr, bytes_per_pixel: 3, stride: 1280 }
INFO : 4th Stage
INFO : BiosInfo { stage_4: Region { start: 130000, len: 23c98 }, kernel: Region { start: 1000000, len: 5d2090 }, ramdisk: Region { start: 15d3000, len: 0 }, config_file: Region { start: 15d3000, len: 0 }, last_used_addr: 15d2fff, framebuffer: BiosFramebufferInfo { region: Region { start: fd000000, len: 2a3000 }, width: 500, height: 2d0, bytes_per_pixel: 3, stride: 500, pixel_format: Bgr }, memory_map_addr: 11cb0, memory_map_len: 9 }
INFO : BIOS boot
INFO : Elf file loaded at Pointer {
    addr: 0x0000000001000000,
    metadata: 6103184,
}
INFO : virtual_address_offset: 0x10000000000
INFO : Handling Segment: Ph64(ProgramHeader64 { type_: Ok(Load), flags: Flags(4), offset: 0, virtual_addr: 0, physical_addr: 0, file_size: 22954, mem_size: 22954, align: 1000 })
INFO : Handling Segment: Ph64(ProgramHeader64 { type_: Ok(Load), flags: Flags(5), offset: 22960, virtual_addr: 23960, physical_addr: 23960, file_size: cc9f4, mem_size: cc9f4, align: 1000 })
INFO : Handling Segment: Ph64(ProgramHeader64 { type_: Ok(Load), flags: Flags(6), offset: ef358, virtual_addr: f1358, physical_addr: f1358, file_size: d348, mem_size: dca8, align: 1000 })
INFO : Mapping bss section
INFO : Handling Segment: Ph64(ProgramHeader64 { type_: Ok(Load), flags: Flags(6), offset: fc6a0, virtual_addr: ff6a0, physical_addr: ff6a0, file_size: 530, mem_size: 16700, align: 1000 })
INFO : Mapping bss section
INFO : Entry point at: 0x10000047ca0
INFO : Creating GDT at PhysAddr(0x1642000)
INFO : Map framebuffer
INFO : Map physical memory
INFO : Allocate bootinfo
INFO : Create Memory Map
INFO : Create bootinfo
INFO : Jumping to kernel entry point at VirtAddr(0x10000047ca0)
bootstrap kernel stack initialized: bottom=0x18000001000, top=0x18000041000, bytes=262144
ACPI initialized: rsdp=0xf52c0, revision=0, root=RSDT@0x7fe230e, tables=5, valid=5, invalid=0, madt=true, fadt=true, hpet=true, mcfg=true
framebuffer shadow buffer initialized: width=1280, height=720, stride=1280, bpp=3, shadow_bytes=2764800, flush_word_bytes=8, scroll_test=passed
interrupt controller initialized: apic, lapic_id=0, lapic=0xfee00000, ioapic_id=0, ioapic=0xfec00000, timer=lapic, keyboard_gsi=1
timer initialized: source=lapic, frequency=100 Hz, lapic_ticks_per_second=64006367, initial_count=640064, divisor=16, hpet_period_fs=10000000, hpet_frequency_hz=100000000, hpet_64_bit=true
interrupt timer verified: controller=apic, source=lapic, ticks=1
heap allocation self-test passed: vector_len=1024, vector_sum=523776
PCIe initialized: regions=1/1, buses=256, functions=6, recorded=6, storage=1, network=1, display=1, bridges=2, truncated=false
PCIe function: 0000:00:00.0 8086:29c0 class=06:00:00 revision=00 header=device irq_line=0 irq_pin=0 description=host bridge
PCIe function: 0000:00:01.0 1234:1111 class=03:00:00 revision=02 header=device irq_line=0 irq_pin=0 description=VGA-compatible display controller
PCIe function: 0000:00:02.0 8086:10d3 class=02:00:00 revision=00 header=device irq_line=11 irq_pin=1 description=Ethernet controller
PCIe function: 0000:00:1f.0 8086:2918 class=06:01:00 revision=02 header=device irq_line=0 irq_pin=0 description=ISA bridge
PCIe function: 0000:00:1f.2 8086:2922 class=01:06:01 revision=02 header=device irq_line=10 irq_pin=1 description=SATA controller
PCIe function: 0000:00:1f.3 8086:2930 class=0c:05:00 revision=02 header=device irq_line=10 irq_pin=1 description=SMBus controller
AHCI controller: abar=0xfebd5000, version=0x00010000, cap=0xc0141f05, pi=0x0000003f, ports=6, slots=32, dma64=true
AHCI port 0: ssts=0x00000113, sig=0xffffffff, cmd=0x00000006, tfd=0x0000007f
AHCI storage verified: controller=0000:00:1f.2, port=0, model=`QEMU HARDDISK`, serial=`QM00001`, firmware=`2.5+`, blocks=17346, block_size=512, capacity_bytes=8881152, lba48=true, dma64=true, abar=0xfebd5000, sector0_signature=0xaa55, sector0_checksum=0x109b253f
partition table initialized: kind=MBR, partitions=2, protective_mbr=false, header_crc_valid=false, entry_crc_valid=false, truncated=false
partition: index=1, kind=bootloader stage, start_lba=1, end_lba=961, blocks=961, bootable=true, name=`bootloader second stage`
partition: index=2, kind=FAT32, start_lba=962, end_lba=17345, blocks=16384, bootable=true, name=`FAT volume`
FAT filesystem mounted: type=FAT16, partition=2, start_lba=962, label=`kernel-dca0`, sectors=16384, cluster_bytes=1024, root_entries=14, file_probe_bytes=64, file_probe_checksum=0xd504c818
VFS initialized: root=/, filesystem=fat, read_only=true, label=`kernel-dca0`, volume_id=0x12345678, partition=2, start_lba=962
ELF image validated: path=`/cat`, type=executable, machine=x86_64, entry=0x0000000000400000, file_bytes=12720, program_headers=3, load_segments=2, dynamic=false, tls=false, executable_stack=false
ELF LOAD: index=0, file=0x1000+0x105, virtual=0x0000000000400000+0x105, align=0x1000, permissions=r-x
ELF LOAD: index=1, file=0x2000+0x20, virtual=0x0000000000401000+0x20, align=0x1000, permissions=r--
scheduler initialized: tasks=3, quantum_ticks=5
scheduler verified: tasks=3, switches=3, preemptions=3, probe_a=5, probe_b=5
userspace process spawned: pid=1, task=3, path=/init, entry=0x0000000000400000, page_table=0x2ac8000, mapped_pages=18, owned_frames=24
userspace: hello from ring 3
userspace process spawned: pid=2, task=4, path=/fault-probe, entry=0x0000000000400000, page_table=0x2ae0000, mapped_pages=18, owned_frames=24
fault-probe: touching an unmapped page now
userspace fault isolated: pid=2, path=/fault-probe, vector=14, error=0x4, address=0x00000000dead0000, rip=0x0000000000400028
userspace: resumed after yield
userspace process exited: pid=1, path=/init, exit_code=42
process result: pid=2, task=4, path=/fault-probe, termination=fault(vector=14, address=0x00000000dead0000, rip=0x0000000000400028), schedules=1, runtime_ticks=1, syscalls=1, writes=1, yields=0, bytes_written=43, frames_reclaimed=24
process result: pid=1, task=3, path=/init, termination=exit(42), schedules=164, runtime_ticks=813, syscalls=4, writes=2, yields=1, bytes_written=60, frames_reclaimed=24
process isolation verified: spawned=2, exited=1, faulted=1, reaped=2, frames_reclaimed=48, frame_balance=true, init_schedules=164, init_runtime_ticks=813
Hello from a GalacticOS userspace file descriptor.
userspace process exited: pid=3, path=/cat, exit_code=0
userspace file I/O verified: pid=3, path=/cat, opens=1, reads=2, closes=1, bytes_read=51, exit_code=0
readline> terminal: hello from canonical stdin
userspace process exited: pid=4, path=/readline, exit_code=0
userspace terminal verified: pid=4, blocked_reads=1, wakeups=1, bytes_read=27, exit_code=0
userspace process exited: pid=6, path=/pipe-producer, exit_code=0
Hello through a blocking GalacticOS pipe.
userspace process exited: pid=5, path=/pipe-consumer, exit_code=0
userspace pipe verified: pipe=1, bytes=42, producer_writes=1, consumer_reads=2, blocked_reads=1, reader_wakeups=1, active_pipes=0
ush> Hello from a GalacticOS userspace file descriptor.
userspace process exited: pid=8, path=/cat, exit_code=0
ush> userspace process exited: pid=11, path=/pipe-producer, exit_code=0
userspace process exited: pid=10, path=/upper, exit_code=0
HELLO THROUGH A BLOCKING GALACTICOS PIPE.
userspace process exited: pid=9, path=/pipe-consumer, exit_code=0
ush> [1] started
ush> [1] running
ush> background job complete
userspace process exited: pid=12, path=/delay, exit_code=0
ush: background jobs complete
ush> ^C
userspace process group signaled: group=13, signal=2, processes=3
ush: interrupted
ush> [1] started
ush> signal probe running
userspace process group signaled: group=16, signal=15, processes=1
[1] signaled
ush> [1] signaled
ush> ush: background jobs complete
ush> userspace process exited: pid=7, path=/ush, exit_code=0
userspace multi-stage pipeline verified: shell_pid=7, producer_pid=11, filter_pid=10, consumer_pid=9, stages=3, bytes=42, pairs=4, closes=8, inherited=8, active_pipes=0
userspace background jobs verified: shell_pid=7, child_pid=12, active_at_prompt=true, yields=64, polls=1, pending_polls=1, jobs=1
userspace process groups and signals verified: shell_pid=7, foreground_group=13, foreground_members=3, ctrl_c_deliveries=3, background_group=16, kill_deliveries=1, terminal_interrupts=1
userspace shell verified: shell_pid=7, child_pid=8, spawns=9, waits=9, polls=1, pending_polls=1, signals=1, child_exit=0, child_bytes=51
QEMU kernel smoke test passed
